%A Angad Sharma
%B The title of my book
%C New York
%D 20/08/2020
%E My editor name
%I My Issuer
%J Journal name
%K keyword-to-identify
%L Label
%N 1
%O Other info
%P 100-200
%S Series Name
%T Title of the article
%V 2
%X Annotation










%K keyword-to-identify10212
%A Dhruv Sharma
%B The world matters
%C New York
%D 20/08/2020
%E My editor name
%I My Issuer
%J Journal name
%L Label
%N 1
%O Other info
%P 100-200
%S Series Name
%T Title of the article
%V 2
%X Annotation
